// Jest Snapshot v1, https://goo.gl/fbAQLP

exports[`News Feed component should render correctly 1`] = `
<div
  className=""
>
  <div
    className="feeds-wrapper"
  >
    <div
      className="row feeds-container"
      key="0"
    >
      <div
        className="desktop-comments"
      >
        <div
          className="comments-column"
        >
          <span>
            0
          </span>
        </div>
        <div
          className="upvote-column"
        >
          <span>
            0
          </span>
          <img
            alt="up arrow"
            className="arrow"
            onClick={[Function]}
            src="/static/images/arrow-up.gif"
          />
        </div>
      </div>
      <div
        className="col news-title"
      >
        <span
          className="news-text"
        >
          India heartwarming messages in fight against COVID-19
        </span>
        <a
          className="news-subtext-url"
          href="https://together-india.com/"
          target="_blank"
        >
          (
          https://together-india.com/
          )
        </a>
        <span
          className="news-subtext-author"
        >
          by 
          ankit_mishra
        </span>
        <span
          className="news-subtext-time"
        >
          2 hours ago
        </span>
      </div>
    </div>
    <div
      className="row mobile-comments"
      key="0"
    >
      <div
        className="comments-column"
      >
        <span>
          0
        </span>
      </div>
      <div
        className="upvote-column"
      >
        <span>
          0
        </span>
        <img
          alt="up arrow"
          className="arrow"
          onClick={[Function]}
          src="/static/images/arrow-up.gif"
        />
      </div>
    </div>
  </div>
  <div
    className="feeds-wrapper"
  >
    <div
      className="row feeds-container"
      key="1"
    >
      <div
        className="desktop-comments"
      >
        <div
          className="comments-column"
        >
          <span>
            1
          </span>
        </div>
        <div
          className="upvote-column"
        >
          <span>
            0
          </span>
          <img
            alt="up arrow"
            className="arrow"
            onClick={[Function]}
            src="/static/images/arrow-up.gif"
          />
        </div>
      </div>
      <div
        className="col news-title"
      >
        <span
          className="news-text"
        >
          Dil mil (indian dating app) exposes exact user geolocation
        </span>
        <a
          className="news-subtext-url"
          href="https://medium.com/@kunala/how-i-hacked-dil-mil-indian-dating-app-to-expose-a-users-exact-location-3eb09bfc3fcd"
          target="_blank"
        >
          (
          https://medium.com/@kunala/how-i-hacked-dil-mil-indian-dating-app-to-expose-a-users-exact-location-3eb09bfc3fcd
          )
        </a>
        <span
          className="news-subtext-author"
        >
          by 
          kunala
        </span>
        <span
          className="news-subtext-time"
        >
          4 hours ago
        </span>
      </div>
    </div>
    <div
      className="row mobile-comments"
      key="1"
    >
      <div
        className="comments-column"
      >
        <span>
          1
        </span>
      </div>
      <div
        className="upvote-column"
      >
        <span>
          0
        </span>
        <img
          alt="up arrow"
          className="arrow"
          onClick={[Function]}
          src="/static/images/arrow-up.gif"
        />
      </div>
    </div>
  </div>
  <div
    className="feeds-wrapper"
  >
    <div
      className="row feeds-container"
      key="2"
    >
      <div
        className="desktop-comments"
      >
        <div
          className="comments-column"
        >
          <span>
            0
          </span>
        </div>
        <div
          className="upvote-column"
        >
          <span>
            0
          </span>
          <img
            alt="up arrow"
            className="arrow"
            onClick={[Function]}
            src="/static/images/arrow-up.gif"
          />
        </div>
      </div>
      <div
        className="col news-title"
      >
        <span
          className="news-text"
        >
          How react suspense displays loading indicators
        </span>
        <a
          className="news-subtext-url"
          href="https://twitter.com/dani_akash_/status/1247617443897290752"
          target="_blank"
        >
          (
          https://twitter.com/dani_akash_/status/1247617443897290752
          )
        </a>
        <span
          className="news-subtext-author"
        >
          by 
          DaniAkash
        </span>
        <span
          className="news-subtext-time"
        >
          13 hours ago
        </span>
      </div>
    </div>
    <div
      className="row mobile-comments"
      key="2"
    >
      <div
        className="comments-column"
      >
        <span>
          0
        </span>
      </div>
      <div
        className="upvote-column"
      >
        <span>
          0
        </span>
        <img
          alt="up arrow"
          className="arrow"
          onClick={[Function]}
          src="/static/images/arrow-up.gif"
        />
      </div>
    </div>
  </div>
  <div
    className="feeds-wrapper"
  >
    <div
      className="row feeds-container"
      key="3"
    >
      <div
        className="desktop-comments"
      >
        <div
          className="comments-column"
        >
          <span>
            0
          </span>
        </div>
        <div
          className="upvote-column"
        >
          <span>
            0
          </span>
          <img
            alt="up arrow"
            className="arrow"
            onClick={[Function]}
            src="/static/images/arrow-up.gif"
          />
        </div>
      </div>
      <div
        className="col news-title"
      >
        <span
          className="news-text"
        >
          Learning Multi-dimensional indices: The next big thing in OLAP DBs
        </span>
        <a
          className="news-subtext-url"
          href="https://www.kharekartik.dev/2020/04/09/learning-multi-dimensional-indices/"
          target="_blank"
        >
          (
          https://www.kharekartik.dev/2020/04/09/learning-multi-dimensional-indices/
          )
        </a>
        <span
          className="news-subtext-author"
        >
          by 
          kkcorps
        </span>
        <span
          className="news-subtext-time"
        >
          14 hours ago
        </span>
      </div>
    </div>
    <div
      className="row mobile-comments"
      key="3"
    >
      <div
        className="comments-column"
      >
        <span>
          0
        </span>
      </div>
      <div
        className="upvote-column"
      >
        <span>
          0
        </span>
        <img
          alt="up arrow"
          className="arrow"
          onClick={[Function]}
          src="/static/images/arrow-up.gif"
        />
      </div>
    </div>
  </div>
  <div
    className="feeds-wrapper"
  >
    <div
      className="row feeds-container"
      key="4"
    >
      <div
        className="desktop-comments"
      >
        <div
          className="comments-column"
        >
          <span>
            0
          </span>
        </div>
        <div
          className="upvote-column"
        >
          <span>
            0
          </span>
          <img
            alt="up arrow"
            className="arrow"
            onClick={[Function]}
            src="/static/images/arrow-up.gif"
          />
        </div>
      </div>
      <div
        className="col news-title"
      >
        <span
          className="news-text"
        >
          Getting to Â£4k MRR by sharing great user flow examples: PageFlows.com
        </span>
        <a
          className="news-subtext-url"
          href="https://www.indiebeers.co/interviews/page-flows-ramy-khuffash-indiebeers"
          target="_blank"
        >
          (
          https://www.indiebeers.co/interviews/page-flows-ramy-khuffash-indiebeers
          )
        </a>
        <span
          className="news-subtext-author"
        >
          by 
          indiebeers
        </span>
        <span
          className="news-subtext-time"
        >
          20 hours ago
        </span>
      </div>
    </div>
    <div
      className="row mobile-comments"
      key="4"
    >
      <div
        className="comments-column"
      >
        <span>
          0
        </span>
      </div>
      <div
        className="upvote-column"
      >
        <span>
          0
        </span>
        <img
          alt="up arrow"
          className="arrow"
          onClick={[Function]}
          src="/static/images/arrow-up.gif"
        />
      </div>
    </div>
  </div>
  <div
    className="feeds-wrapper"
  >
    <div
      className="row feeds-container"
      key="5"
    >
      <div
        className="desktop-comments"
      >
        <div
          className="comments-column"
        >
          <span>
            0
          </span>
        </div>
        <div
          className="upvote-column"
        >
          <span>
            0
          </span>
          <img
            alt="up arrow"
            className="arrow"
            onClick={[Function]}
            src="/static/images/arrow-up.gif"
          />
        </div>
      </div>
      <div
        className="col news-title"
      >
        <span
          className="news-text"
        >
          Mitigating the effects of video call latency through UI
        </span>
        <a
          className="news-subtext-url"
          href={null}
          target="_blank"
        >
          (
          )
        </a>
        <span
          className="news-subtext-author"
        >
          by 
          ohmyblock
        </span>
        <span
          className="news-subtext-time"
        >
          a day ago
        </span>
      </div>
    </div>
    <div
      className="row mobile-comments"
      key="5"
    >
      <div
        className="comments-column"
      >
        <span>
          0
        </span>
      </div>
      <div
        className="upvote-column"
      >
        <span>
          0
        </span>
        <img
          alt="up arrow"
          className="arrow"
          onClick={[Function]}
          src="/static/images/arrow-up.gif"
        />
      </div>
    </div>
  </div>
  <div
    className="feeds-wrapper"
  >
    <div
      className="row feeds-container"
      key="6"
    >
      <div
        className="desktop-comments"
      >
        <div
          className="comments-column"
        >
          <span>
            0
          </span>
        </div>
        <div
          className="upvote-column"
        >
          <span>
            0
          </span>
          <img
            alt="up arrow"
            className="arrow"
            onClick={[Function]}
            src="/static/images/arrow-up.gif"
          />
        </div>
      </div>
      <div
        className="col news-title"
      >
        <span
          className="news-text"
        >
          Notes on tech from India's largest stockbroker â Bootstrapped and FOSS first
        </span>
        <a
          className="news-subtext-url"
          href="https://zerodha.tech/blog/hello-world/"
          target="_blank"
        >
          (
          https://zerodha.tech/blog/hello-world/
          )
        </a>
        <span
          className="news-subtext-author"
        >
          by 
          tango12
        </span>
        <span
          className="news-subtext-time"
        >
          a day ago
        </span>
      </div>
    </div>
    <div
      className="row mobile-comments"
      key="6"
    >
      <div
        className="comments-column"
      >
        <span>
          0
        </span>
      </div>
      <div
        className="upvote-column"
      >
        <span>
          0
        </span>
        <img
          alt="up arrow"
          className="arrow"
          onClick={[Function]}
          src="/static/images/arrow-up.gif"
        />
      </div>
    </div>
  </div>
  <div
    className="feeds-wrapper"
  >
    <div
      className="row feeds-container"
      key="7"
    >
      <div
        className="desktop-comments"
      >
        <div
          className="comments-column"
        >
          <span>
            42
          </span>
        </div>
        <div
          className="upvote-column"
        >
          <span>
            0
          </span>
          <img
            alt="up arrow"
            className="arrow"
            onClick={[Function]}
            src="/static/images/arrow-up.gif"
          />
        </div>
      </div>
      <div
        className="col news-title"
      >
        <span
          className="news-text"
        >
          OYO furloughs thousands of employees as revenue drops by over 50%
        </span>
        <a
          className="news-subtext-url"
          href="https://techcrunch.com/2020/04/08/indias-oyo-furloughs-thousands-of-employees-as-revenue-drops-by-over-50/"
          target="_blank"
        >
          (
          https://techcrunch.com/2020/04/08/indias-oyo-furloughs-thousands-of-employees-as-revenue-drops-by-over-50/
          )
        </a>
        <span
          className="news-subtext-author"
        >
          by 
          JumpCrisscross
        </span>
        <span
          className="news-subtext-time"
        >
          a day ago
        </span>
      </div>
    </div>
    <div
      className="row mobile-comments"
      key="7"
    >
      <div
        className="comments-column"
      >
        <span>
          42
        </span>
      </div>
      <div
        className="upvote-column"
      >
        <span>
          0
        </span>
        <img
          alt="up arrow"
          className="arrow"
          onClick={[Function]}
          src="/static/images/arrow-up.gif"
        />
      </div>
    </div>
  </div>
  <div
    className="feeds-wrapper"
  >
    <div
      className="row feeds-container"
      key="8"
    >
      <div
        className="desktop-comments"
      >
        <div
          className="comments-column"
        >
          <span>
            1
          </span>
        </div>
        <div
          className="upvote-column"
        >
          <span>
            0
          </span>
          <img
            alt="up arrow"
            className="arrow"
            onClick={[Function]}
            src="/static/images/arrow-up.gif"
          />
        </div>
      </div>
      <div
        className="col news-title"
      >
        <span
          className="news-text"
        >
          Actors Who Are So Similar That They Were Indistinguishable from Each Other
        </span>
        <a
          className="news-subtext-url"
          href="https://pictolic.com/en/article/17-actors-who-are-so-similar-that-they-were-indistinguishable-from-each-other"
          target="_blank"
        >
          (
          https://pictolic.com/en/article/17-actors-who-are-so-similar-that-they-were-indistinguishable-from-each-other
          )
        </a>
        <span
          className="news-subtext-author"
        >
          by 
          penteston
        </span>
        <span
          className="news-subtext-time"
        >
          a day ago
        </span>
      </div>
    </div>
    <div
      className="row mobile-comments"
      key="8"
    >
      <div
        className="comments-column"
      >
        <span>
          1
        </span>
      </div>
      <div
        className="upvote-column"
      >
        <span>
          0
        </span>
        <img
          alt="up arrow"
          className="arrow"
          onClick={[Function]}
          src="/static/images/arrow-up.gif"
        />
      </div>
    </div>
  </div>
  <div
    className="feeds-wrapper"
  >
    <div
      className="row feeds-container"
      key="9"
    >
      <div
        className="desktop-comments"
      >
        <div
          className="comments-column"
        >
          <span>
            0
          </span>
        </div>
        <div
          className="upvote-column"
        >
          <span>
            0
          </span>
          <img
            alt="up arrow"
            className="arrow"
            onClick={[Function]}
            src="/static/images/arrow-up.gif"
          />
        </div>
      </div>
      <div
        className="col news-title"
      >
        <span
          className="news-text"
        >
          Land-Grab Universities
        </span>
        <a
          className="news-subtext-url"
          href="https://www.hcn.org/issues/52.4/indigenous-affairs-education-land-grab-universities"
          target="_blank"
        >
          (
          https://www.hcn.org/issues/52.4/indigenous-affairs-education-land-grab-universities
          )
        </a>
        <span
          className="news-subtext-author"
        >
          by 
          axiomdata316
        </span>
        <span
          className="news-subtext-time"
        >
          a day ago
        </span>
      </div>
    </div>
    <div
      className="row mobile-comments"
      key="9"
    >
      <div
        className="comments-column"
      >
        <span>
          0
        </span>
      </div>
      <div
        className="upvote-column"
      >
        <span>
          0
        </span>
        <img
          alt="up arrow"
          className="arrow"
          onClick={[Function]}
          src="/static/images/arrow-up.gif"
        />
      </div>
    </div>
  </div>
</div>
`;
